// Jest Snapshot v1, https://goo.gl/fbAQLP

exports[`real input 1`] = `44887`;
